// Jest Snapshot v1, https://goo.gl/fbAQLP

exports[`Checkbox should render correctly in "debug" mode 1`] = `
<label
  className="container-checkbox"
  htmlFor="test_checkbox"
>
  test
  <input
    checked={false}
    id="test_checkbox"
    onChange={[Function]}
    type="checkbox"
  />
  <span
    className="checkmark"
  />
</label>
`;
