// Jest Snapshot v1, https://goo.gl/fbAQLP

exports[`TypeAhead should render correctly in "debug" mode 1`] = `
<div
  className="type-ahead-container"
  style={Object {}}
>
  <input
    onChange={[Function]}
    onFocus={[Function]}
    placeholder="Type to see suggestions"
    type="text"
    value=""
  />
</div>
`;
